 ⚠ Fast Refresh had to perform a full reload. Read more: https://nextjs.org/docs/messages/fast-refresh-reload
 ⨯ ./src/app/student/practice/listening/page.tsx
Error: 
  [31mx[0m Unexpected token `{`. Expected identifier, string literal, numeric literal or [ for the computed key
     ,-[[36;1;4mD:\FRONTEND\frontend\src\app\student\practice\listening\page.tsx[0m:177:1]
 [2m177[0m |       const blob = await fetch(recorder.audioUrl).then((r) => r.blob());
 [2m178[0m |       const t = token();
 [2m179[0m | const res = await fetch(`${API_URL_RAW}/api/practice/listening/evaluate?sessionId=${sessionId}`, {
 [2m180[0m |         {
     : [31;1m        ^[0m
 [2m181[0m |           method: "POST",
 [2m182[0m |           headers: {
 [2m183[0m |             "Content-Type": blob.type || "audio/webm",
     `----

Caused by:
    Syntax Error

Import trace for requested module:
./src/app/student/practice/listening/page.tsx
 ⨯ ./src/app/student/practice/listening/page.tsx
Error: 
  [31mx[0m Unexpected token `{`. Expected identifier, string literal, numeric literal or [ for the computed key
     ,-[[36;1;4mD:\FRONTEND\frontend\src\app\student\practice\listening\page.tsx[0m:176:1]
 [2m176[0m |       const blob = await fetch(recorder.audioUrl).then((r) => r.blob());
 [2m177[0m |       const t = token();
 [2m178[0m | const res = await fetch(`${API_URL_RAW}/api/practice/listening/evaluate?sessionId=${sessionId}`, {
 [2m179[0m |         {
     : [31;1m        ^[0m
 [2m180[0m |           method: "POST",
 [2m181[0m |           headers: {
 [2m182[0m |             "Content-Type": blob.type || "audio/webm",
     `----

Caused by:
    Syntax Error

Import trace for requested module:
./src/app/student/practice/listening/page.tsx
