
> lsrw-frontend@0.1.0 dev
> next dev -p 3000

  ▲ Next.js 14.2.5
  - Local:        http://localhost:3000
  - Environments: .env.local

 ✓ Starting...
 ✓ Ready in 3.1s
 ○ Compiling /dashboard ...
 ✓ Compiled /dashboard in 7.2s (618 modules)
 GET /dashboard 200 in 7380ms
 GET /_next/static/webpack/cdc9f5a3ebc3ea85.webpack.hot-update.json 404 in 7424ms
 GET /dashboard 200 in 51ms
 ○ Compiling /teacher ...
 ✓ Compiled /teacher in 962ms (616 modules)
 ○ Compiling /reports ...
 ✓ Compiled /reports in 625ms (614 modules)
 ○ Compiling /practice/listening ...
 ✓ Compiled /practice/listening in 749ms (631 modules)
 ○ Compiling / ...
 ✓ Compiled / in 946ms (655 modules)
 GET / 200 in 1287ms
 ○ Compiling /login ...
 ✓ Compiled /login in 572ms (665 modules)
 GET /login 200 in 799ms
 ○ Compiling /register ...
 ✓ Compiled /register in 611ms (677 modules)
 GET /register 200 in 738ms
 GET /dashboard 200 in 66ms
 ○ Compiling /practice ...
 ✓ Compiled /practice in 607ms (687 modules)
 GET /practice 200 in 769ms
 ○ Compiling /practice/speaking ...
 ✓ Compiled /practice/speaking in 789ms (703 modules)
 GET /practice/speaking 200 in 927ms
 GET /practice/listening 200 in 101ms
 ○ Compiling /practice/reading ...
 ✓ Compiled /practice/reading in 630ms (717 modules)
 GET /practice/reading 200 in 780ms
 ○ Compiling /practice/writing ...
 ✓ Compiled /practice/writing in 686ms (727 modules)
 GET /practice/writing 200 in 810ms
 ○ Compiling /group ...
 ✓ Compiled /group in 615ms (737 modules)
 GET /group 200 in 729ms
 ○ Compiling /group/create ...
 ✓ Compiled /group/create in 614ms (745 modules)
 GET /group/create 200 in 718ms
 ○ Compiling /assessment ...
 ✓ Compiled /assessment in 826ms (769 modules)
 GET /assessment 200 in 948ms
 ○ Compiling /progress ...
 ✓ Compiled /progress in 725ms (783 modules)
 GET /progress 200 in 845ms
 GET /reports 200 in 50ms
 ○ Compiling /mock-interview ...
 ✓ Compiled /mock-interview in 834ms (791 modules)
 GET /mock-interview 200 in 938ms
 ○ Compiling /presentation ...
 ✓ Compiled /presentation in 835ms (803 modules)
 GET /presentation 200 in 938ms
 GET /teacher 200 in 71ms
 ○ Compiling /group/room/[roomId] ...
 ✓ Compiled /group/room/[roomId] in 2.7s (920 modules)
 GET /group/room/cmszu1axv00003bxesisws7gy 200 in 3887ms
 GET / 200 in 118ms
 ✓ Compiled in 2.2s (431 modules)
 ✓ Compiled in 326ms (431 modules)
 ✓ Compiled in 1090ms (771 modules)
 ✓ Compiled in 409ms (771 modules)
 ✓ Compiled in 745ms (771 modules)
 ✓ Compiled in 259ms (431 modules)
 ✓ Compiled in 273ms (431 modules)
 ✓ Compiled in 244ms (431 modules)
 ✓ Compiled in 346ms (431 modules)
 ✓ Compiled in 391ms (771 modules)
 ✓ Compiled in 832ms (771 modules)
 ✓ Compiled in 445ms (771 modules)
 ✓ Compiled in 198ms (431 modules)
 ✓ Compiled in 238ms (431 modules)
 ✓ Compiled in 266ms (431 modules)
 ✓ Compiled in 415ms (431 modules)
 ✓ Compiled in 643ms (757 modules)
 ✓ Compiled in 568ms (757 modules)
 ✓ Compiled in 415ms (757 modules)
 ✓ Compiled in 172ms (431 modules)
 ✓ Compiled in 179ms (757 modules)
 ✓ Compiled in 280ms (430 modules)
 ✓ Compiled /login in 443ms (347 modules)
 GET /login 200 in 591ms
 ✓ Compiled /register in 199ms (353 modules)
 GET /register 200 in 345ms
 ✓ Compiled /student/login in 458ms (790 modules)
 GET /student/login 200 in 557ms
 ✓ Compiled /teacher/login in 326ms (800 modules)
 GET /teacher/login 200 in 433ms
 ✓ Compiled /student/register in 310ms (811 modules)
 GET /student/register 200 in 427ms
 ✓ Compiled /teacher/register in 277ms (813 modules)
 GET /teacher/register 200 in 401ms
 ✓ Compiled /_not-found in 446ms (816 modules)
 GET /student/dashboard 404 in 550ms
 GET /teacher/dashboard 404 in 44ms
 ✓ Compiled in 1227ms (816 modules)
 ✓ Compiled in 224ms (446 modules)
 ✓ Compiled in 349ms (830 modules)
 ✓ Compiled in 291ms (446 modules)
 ✓ Compiled in 329ms (446 modules)
 ✓ Compiled in 915ms (683 modules)
 GET /dashboard 307 in 192ms
 ✓ Compiled /student/dashboard in 365ms (678 modules)
 GET /student/dashboard 200 in 557ms
 ✓ Compiled /practice in 250ms (678 modules)
 GET /practice 307 in 430ms
 ✓ Compiled /student/practice in 430ms (690 modules)
 GET /student/practice 200 in 522ms
 ✓ Compiled /practice/listening in 238ms (690 modules)
 GET /practice/listening 307 in 420ms
 ✓ Compiled /student/practice/listening in 321ms (708 modules)
 GET /student/practice/listening 200 in 454ms
 GET /practice/speaking 307 in 81ms
 ✓ Compiled /student/practice/speaking in 350ms (724 modules)
 GET /student/practice/speaking 200 in 480ms
 GET /practice/reading 307 in 105ms
 ✓ Compiled /student/practice/reading in 368ms (738 modules)
 GET /student/practice/reading 200 in 465ms
 GET /practice/writing 307 in 85ms
 ✓ Compiled /student/practice/writing in 350ms (748 modules)
 GET /student/practice/writing 200 in 476ms
 ✓ Compiled /assessment in 239ms (748 modules)
 GET /assessment 307 in 386ms
 ✓ Compiled /student/assessments in 376ms (772 modules)
 GET /student/assessments 200 in 498ms
 ✓ Compiled /mock-interview in 308ms (772 modules)
 GET /mock-interview 307 in 417ms
 ✓ Compiled /student/mock-interviews in 366ms (780 modules)
 GET /student/mock-interviews 200 in 479ms
 ✓ Compiled /presentation in 294ms (780 modules)
 GET /presentation 307 in 436ms
 ✓ Compiled /student/presentations in 430ms (793 modules)
 GET /student/presentations 200 in 503ms
 ✓ Compiled /group in 334ms (793 modules)
 GET /group 307 in 444ms
 ✓ Compiled /student/group-discussions in 431ms (804 modules)
 GET /student/group-discussions 200 in 519ms
 ✓ Compiled /group/create in 333ms (804 modules)
 GET /group/create 307 in 455ms
 ✓ Compiled /student/group-discussions/create in 393ms (812 modules)
 GET /student/group-discussions/create 200 in 550ms
 ✓ Compiled /group/room/[roomId] in 334ms (812 modules)
 GET /group/room/test123 307 in 553ms
 ○ Compiling /student/group-discussions/room/[roomId] ...
 ✓ Compiled /student/group-discussions/room/[roomId] in 589ms (929 modules)
 GET /student/group-discussions/room/%5BroomId%5D 200 in 1144ms
 ✓ Compiled /progress in 369ms (929 modules)
 GET /progress 307 in 527ms
 ✓ Compiled /student/progress in 433ms (943 modules)
 GET /student/progress 200 in 601ms
 ✓ Compiled /reports in 376ms (943 modules)
 GET /reports 307 in 547ms
 ✓ Compiled /student/reports in 485ms (955 modules)
 GET /student/reports 200 in 565ms
 GET /student/dashboard 200 in 47ms
 GET /student/practice 200 in 72ms
 GET /student/practice/listening 200 in 68ms
 GET /student/practice/speaking 200 in 30ms
 GET /student/practice/reading 200 in 61ms
 GET /student/practice/writing 200 in 67ms
 GET /student/assessments 200 in 66ms
 GET /student/mock-interviews 200 in 48ms
 GET /student/presentations 200 in 38ms
 GET /student/group-discussions 200 in 70ms
 GET /student/group-discussions/create 200 in 51ms
 GET /student/group-discussions/room/test123 200 in 73ms
 GET /student/progress 200 in 72ms
 GET /student/reports 200 in 49ms
 GET / 200 in 131ms
 ○ Compiling /_not-found ...
 ✓ Compiled /_not-found in 1524ms (788 modules)
 GET /student/assignments 404 in 96ms
 GET /student/practice 200 in 89ms
 ✓ Compiled /student/assessments in 477ms (353 modules)
 ✓ Compiled /student/mock-interviews in 247ms (361 modules)
 ✓ Compiled /student/group-discussions in 225ms (369 modules)
 ○ Compiling /student/presentations ...
 ✓ Compiled /student/presentations in 652ms (380 modules)
 ✓ Compiled /student/progress in 461ms (388 modules)
 ✓ Compiled in 622ms (447 modules)
 ✓ Compiled in 555ms (447 modules)
 ✓ Compiled /student/reports in 307ms (393 modules)
 ✓ Compiled in 1479ms (840 modules)
 ✓ Compiled in 490ms (444 modules)
 ✓ Compiled in 1281ms (790 modules)
 ✓ Compiled in 489ms (442 modules)
 ✓ Compiled / in 180ms (357 modules)
 ✓ Compiled in 858ms (793 modules)
 ✓ Compiled in 522ms (779 modules)
 ✓ Compiled in 779ms (793 modules)
 ✓ Compiled in 824ms (793 modules)
 ✓ Compiled in 614ms (779 modules)
 ✓ Compiled in 729ms (793 modules)
 ✓ Compiled in 634ms (779 modules)
 ✓ Compiled in 788ms (793 modules)
 ✓ Compiled in 729ms (793 modules)
 ✓ Compiled in 691ms (779 modules)
 ✓ Compiled in 754ms (793 modules)
 ✓ Compiled in 351ms (442 modules)
 ✓ Compiled in 295ms (442 modules)
 ✓ Compiled in 246ms (442 modules)
 ✓ Compiled in 284ms (442 modules)
 ✓ Compiled in 345ms (442 modules)
 ✓ Compiled in 305ms (442 modules)
 ✓ Compiled /teacher in 452ms (791 modules)
 GET /teacher 200 in 599ms
 ✓ Compiled /teacher/dashboard in 416ms (804 modules)
 GET /teacher/dashboard 200 in 582ms
 ✓ Compiled /teacher/questions in 513ms (821 modules)
 GET /teacher/questions 200 in 620ms
 ✓ Compiled /teacher/assignments in 439ms (831 modules)
 GET /teacher/assignments 200 in 495ms
 ✓ Compiled /teacher/students in 359ms (839 modules)
 GET /teacher/students 200 in 441ms
 ✓ Compiled /teacher/students/[id] in 466ms (849 modules)
 GET /teacher/students/dummy 200 in 991ms
 ✓ Compiled /teacher/group-discussions in 487ms (859 modules)
 GET /teacher/group-discussions 200 in 546ms
 ✓ Compiled /teacher/group-discussions/room/[roomId] in 498ms (868 modules)
 GET /teacher/group-discussions/room/dummy 200 in 951ms
 ✓ Compiled /teacher/assessments in 499ms (878 modules)
 GET /teacher/assessments 200 in 571ms
 ✓ Compiled /teacher/results in 447ms (886 modules)
 GET /teacher/results 200 in 506ms
 ✓ Compiled /teacher/mock-interviews in 436ms (895 modules)
 GET /teacher/mock-interviews 200 in 516ms
 ✓ Compiled /teacher/presentations in 440ms (903 modules)
 GET /teacher/presentations 200 in 519ms
 ○ Compiling /teacher/reports ...
 ✓ Compiled /teacher/reports in 573ms (915 modules)
 GET /teacher/reports 200 in 652ms
 ✓ Compiled /teacher/analytics in 516ms (923 modules)
 GET /teacher/analytics 200 in 576ms
 GET / 200 in 55ms
 ✓ Compiled /login in 258ms (452 modules)
 GET /login 200 in 355ms
 ✓ Compiled /register in 188ms (457 modules)
 GET /register 200 in 313ms
 ✓ Compiled /student/login in 177ms (464 modules)
 GET /student/login 200 in 317ms
 ✓ Compiled /teacher/login in 187ms (466 modules)
 GET /teacher/login 200 in 278ms
 ✓ Compiled /student/register in 172ms (473 modules)
 GET /student/register 200 in 306ms
 ✓ Compiled /teacher/register in 173ms (475 modules)
 GET /teacher/register 200 in 290ms
 ✓ Compiled /student/dashboard in 185ms (488 modules)
 GET /student/dashboard 200 in 297ms
 ✓ Compiled /student/practice in 199ms (494 modules)
 GET /student/practice 200 in 338ms
 ✓ Compiled /student/practice/listening in 194ms (501 modules)
 GET /student/practice/listening 200 in 312ms
 ✓ Compiled /student/practice/speaking in 215ms (506 modules)
 GET /student/practice/speaking 200 in 341ms
 ✓ Compiled /student/practice/reading in 207ms (513 modules)
 GET /student/practice/reading 200 in 357ms
 ✓ Compiled /student/practice/writing in 225ms (519 modules)
 GET /student/practice/writing 200 in 363ms
 GET /student/assessments 200 in 71ms
 ✓ Compiled /student/mock-interviews in 218ms (524 modules)
 GET /student/mock-interviews 200 in 354ms
 GET /student/presentations 200 in 87ms
 ✓ Compiled /student/group-discussions in 234ms (530 modules)
 GET /student/group-discussions 200 in 355ms
 GET /student/progress 200 in 79ms
 GET /student/reports 200 in 61ms
 GET /teacher/dashboard 200 in 55ms
 ✓ Compiled in 1254ms (842 modules)
 ✓ Compiled in 810ms (828 modules)
 ✓ Compiled in 444ms (491 modules)
 ○ Compiling /student/assignments ...
 ✓ Compiled /student/assignments in 650ms (853 modules)
 GET /student/assignments 200 in 750ms
 ○ Compiling /student/profile ...
 ✓ Compiled /student/profile in 654ms (848 modules)
 GET /student/profile 200 in 755ms
 ✓ Compiled /teacher/assignments in 224ms (376 modules)
 GET /teacher/assignments 200 in 349ms
 ✓ Compiled /teacher/group-discussions in 109ms (383 modules)
 GET /teacher/group-discussions 200 in 277ms
 ✓ Compiled /teacher/analytics in 203ms (389 modules)
 GET /teacher/analytics 200 in 313ms
 ✓ Compiled /student/dashboard in 282ms (402 modules)
 GET /student/dashboard 200 in 429ms
 ✓ Compiled /assessment in 364ms (410 modules)
 ✓ Compiled /student/mock-interviews in 353ms (416 modules)
 ✓ Compiled /student/group-discussions in 343ms (422 modules)
 ✓ Compiled /student/login in 329ms (419 modules)
 GET /student/login 200 in 185ms
 GET /student/login 200 in 68ms
 GET /student/login 200 in 54ms
 ✓ Compiled in 1082ms (831 modules)
 ✓ Compiled in 313ms (499 modules)
 GET /student/login 200 in 104ms
 ○ Compiling /teacher/login ...
 ✓ Compiled /teacher/login in 679ms (840 modules)
 GET /teacher/login 200 in 810ms
 ✓ Compiled /student/register in 237ms (361 modules)
 GET /student/register 200 in 367ms
 ✓ Compiled /teacher/register in 90ms (363 modules)
 GET /teacher/register 200 in 198ms
 ✓ Compiled /login in 117ms (368 modules)
 GET /login 200 in 243ms
 GET /student/dashboard 200 in 56ms
 ✓ Compiled /teacher/dashboard in 267ms (376 modules)
 GET /teacher/dashboard 200 in 405ms
 GET /student/login 200 in 72ms
 GET /teacher/login 200 in 69ms
 GET /teacher/login 200 in 53ms
 ✓ Compiled /teacher/questions in 330ms (358 modules)
 ✓ Compiled /teacher/assignments in 256ms (340 modules)
 ✓ Compiled /teacher/mock-interviews in 266ms (346 modules)
 ✓ Compiled /teacher/group-discussions in 254ms (353 modules)
 ✓ Compiled /teacher/presentations in 253ms (358 modules)
 ✓ Compiled /teacher/students in 280ms (363 modules)
 ✓ Compiled /teacher/results in 299ms (366 modules)
 ✓ Compiled /teacher/reports in 280ms (373 modules)
 ✓ Compiled /teacher/analytics in 265ms (379 modules)
 ✓ Compiled /teacher/login in 255ms (376 modules)
 ✓ Compiled in 874ms (834 modules)
 ✓ Compiled in 493ms (500 modules)
 ✓ Compiled in 291ms (500 modules)
 ✓ Compiled in 838ms (817 modules)
 ✓ Compiled /login in 218ms (340 modules)
 ✓ Compiled in 726ms (833 modules)
 ✓ Compiled in 399ms (500 modules)
 GET /login 200 in 95ms
 ✓ Compiled /student/login in 436ms (820 modules)
 GET /student/login 307 in 539ms
 GET /login 200 in 51ms
 GET /teacher/login 307 in 108ms
 GET /login 200 in 55ms
 GET /login 200 in 46ms
 GET /login 200 in 72ms
 ○ Compiling /teacher/dashboard ...
 ✓ Compiled /teacher/dashboard in 658ms (339 modules)
 ✓ Compiled /teacher/questions in 282ms (344 modules)
 ○ Compiling /student/assignments ...
 ✓ Compiled /student/assignments in 635ms (345 modules)
 ○ Compiling /student/practice ...
 ✓ Compiled /student/practice in 601ms (344 modules)
 ✓ Compiled /student/assessments in 269ms (358 modules)
 ✓ Compiled /student/mock-interviews in 316ms (366 modules)
 ✓ Compiled /student/presentations in 247ms (368 modules)
 ✓ Compiled /student/progress in 253ms (376 modules)
 ✓ Compiled /teacher/dashboard in 230ms (384 modules)
 ✓ Compiled /teacher/assignments in 425ms (389 modules)
 ✓ Compiled / in 229ms (354 modules)
 GET / 200 in 615ms
 GET /login 200 in 70ms
 ✓ Compiled /student/dashboard in 217ms (359 modules)
 GET /login 200 in 212ms
 ○ Compiling /teacher/students ...
 ✓ Compiled /teacher/students in 586ms (357 modules)
 ✓ Compiled /teacher/results in 251ms (363 modules)
 ✓ Compiled /teacher/reports in 325ms (370 modules)
 ✓ Compiled /teacher/analytics in 398ms (368 modules)
 ✓ Compiled /teacher/dashboard in 310ms (373 modules)
 ✓ Compiled /teacher/questions in 264ms (382 modules)
 ○ Compiling /student/practice ...
 ✓ Compiled /student/practice in 680ms (366 modules)
 ✓ Compiled /student/assignments in 337ms (372 modules)
 ○ Compiling /practice/listening ...
 ✓ Compiled /practice/listening in 544ms (340 modules)
 ✓ Compiled /student/practice/listening in 271ms (350 modules)
 ✓ Compiled /student/assessments in 476ms (354 modules)
 ○ Compiling /practice/speaking ...
 ✓ Compiled /practice/speaking in 705ms (340 modules)
 ✓ Compiled /student/practice/speaking in 375ms (349 modules)
 ✓ Compiled /student/dashboard in 340ms (349 modules)
 ✓ Compiled /student/practice in 327ms (349 modules)
 ○ Compiling /practice/reading ...
 ✓ Compiled /practice/reading in 653ms (348 modules)
 ✓ Compiled /student/practice/reading in 417ms (356 modules)
 ○ Compiling /practice/listening ...
 ✓ Compiled /practice/listening in 609ms (343 modules)
 ✓ Compiled /student/practice/listening in 208ms (351 modules)
 ✓ Compiled /mock-interview in 434ms (353 modules)
 ✓ Compiled /student/mock-interviews in 501ms (358 modules)
 ○ Compiling /student/assignments ...
 ✓ Compiled /student/assignments in 864ms (341 modules)
 ○ Compiling /login ...
 ✓ Compiled /login in 636ms (350 modules)
 ✓ Compiled /teacher/dashboard in 378ms (358 modules)
 ✓ Compiled /teacher/questions in 311ms (367 modules)
 ✓ Compiled /teacher/assessments in 387ms (367 modules)
 ○ Compiling /teacher/mock-interviews ...
 ✓ Compiled /teacher/mock-interviews in 614ms (372 modules)
 ✓ Compiled /teacher/group-discussions in 451ms (378 modules)
 ✓ Compiled /teacher/presentations in 412ms (383 modules)
 ✓ Compiled /teacher/students in 375ms (388 modules)
 ✓ Compiled in 1526ms (499 modules)
 ✓ Compiled in 1117ms (505 modules)
 ✓ Compiled in 399ms (505 modules)
 ✓ Compiled in 371ms (505 modules)
 ✓ Compiled in 684ms (840 modules)
 ✓ Compiled /student/practice/listening in 409ms (349 modules)
 GET /student/practice/listening?difficulty=EASY&mode=PRACTICE 200 in 625ms
 GET /student/practice/listening?difficulty=EASY&mode=PRACTICE 200 in 76ms
 ✓ Compiled in 785ms (843 modules)
 GET /student/practice/speaking?difficulty=EASY&mode=PRACTICE&topic=Test 200 in 124ms
 ✓ Compiled in 789ms (839 modules)
 GET /student/practice/reading?difficulty=EASY&mode=PRACTICE 200 in 89ms
 ✓ Compiled in 386ms (505 modules)
 ✓ Compiled /student/practice/writing in 156ms (342 modules)
 GET /student/practice/writing?difficulty=EASY&mode=PRACTICE 200 in 259ms
 ✓ Compiled / in 354ms (365 modules)
 GET /student/practice 200 in 83ms
 ✓ Compiled /practice/listening in 195ms (366 modules)
 GET /practice/listening 307 in 381ms
 GET /student/practice 200 in 67ms
 ✓ Compiled /practice in 512ms (343 modules)
 GET /student/practice 200 in 127ms
 ✓ Compiled /teacher/dashboard in 335ms (351 modules)
 ✓ Compiled /login in 356ms (353 modules)
 ✓ Compiled /student/practice/listening in 296ms (360 modules)
 ✓ Compiled /student/practice/speaking in 230ms (366 modules)
 ✓ Compiled /student/practice/writing in 284ms (336 modules)
 GET /student/practice 200 in 154ms
 ○ Compiling /student/group-discussions ...
 ✓ Compiled /student/group-discussions in 931ms (335 modules)
 ✓ Compiled in 1457ms (830 modules)
 ✓ Compiled in 531ms (830 modules)
 GET /student/practice 200 in 127ms
 GET /student/practice 200 in 78ms
 GET /student/practice 200 in 78ms
 GET /student/practice 200 in 76ms
 ✓ Compiled /student/practice/listening in 126ms (336 modules)
 GET /student/practice/listening 200 in 250ms
 GET /student/practice/speaking 200 in 63ms
 GET /student/practice/reading 200 in 76ms
 GET /student/practice/writing 200 in 57ms
 GET /student/group-discussions 200 in 1015ms
 ○ Compiling /student/dashboard ...
 ✓ Compiled /student/dashboard in 1822ms (339 modules)
 ○ Compiling /student/assignments ...
 ✓ Compiled /student/assignments in 642ms (340 modules)
 ✓ Compiled /student/practice/listening in 331ms (352 modules)
 ✓ Compiled /student/practice/speaking in 305ms (347 modules)
 ✓ Compiled /student/practice/reading in 212ms (344 modules)
 ✓ Compiled /student/practice/writing in 159ms (335 modules)
 GET /student/practice 200 in 218ms
 ○ Compiling / ...
 ✓ Compiled / in 658ms (352 modules)
 GET / 200 in 1204ms
 ✓ Compiled /login in 214ms (361 modules)
 ✓ Compiled in 1631ms (846 modules)
 ✓ Compiled in 646ms (506 modules)
 ✓ Compiled in 337ms (506 modules)
 ✓ Compiled in 552ms (846 modules)
 ✓ Compiled in 437ms (846 modules)
 ✓ Compiled in 480ms (846 modules)
 ✓ Compiled in 444ms (846 modules)
 ✓ Compiled in 353ms (846 modules)
 ✓ Compiled in 411ms (846 modules)
 ✓ Compiled in 373ms (846 modules)
 ✓ Compiled in 446ms (846 modules)
 ✓ Compiled in 318ms (846 modules)
 ✓ Compiled in 366ms (846 modules)
 ✓ Compiled in 650ms (846 modules)
 ✓ Compiled in 426ms (846 modules)
 ✓ Compiled in 451ms (846 modules)
 ✓ Compiled in 420ms (846 modules)
 ✓ Compiled in 433ms (846 modules)
 ✓ Compiled in 351ms (846 modules)
 ✓ Compiled in 333ms (846 modules)
 GET /student/practice 200 in 138ms
 ✓ Compiled /student/practice/listening in 318ms (352 modules)
 GET /student/practice/listening 200 in 525ms
 GET /student/practice/speaking 200 in 81ms
 GET /student/practice/reading 200 in 68ms
 GET /student/practice/writing 200 in 66ms
 ✓ Compiled /login in 380ms (349 modules)
 GET /login 200 in 561ms
 ✓ Compiled /student/dashboard in 486ms (363 modules)
 ✓ Compiled /student/practice/listening in 242ms (364 modules)
 GET /student/practice/listening 200 in 203ms
 ✓ Compiled /student/practice/speaking in 234ms (364 modules)
 GET / 200 in 203ms
 ✓ Compiled /practice in 449ms (372 modules)
[?25h
